src/components/pop/EvidenceThumbnail.tsx(113,17): error TS2322: Type '{ src: string; alt: string; title: string | undefined; isOpen: boolean; onClose: () => void; }' is not assignable to type 'IntrinsicAttributes & ImageLightboxProps'.
  Property 'src' does not exist on type 'IntrinsicAttributes & ImageLightboxProps'.
src/components/pop/POPCatalog.tsx(180,21): error TS2322: Type '{ src: string; alt: string; title: string; isOpen: true; onClose: () => void; }' is not assignable to type 'IntrinsicAttributes & ImageLightboxProps'.
  Property 'src' does not exist on type 'IntrinsicAttributes & ImageLightboxProps'.
src/components/pop/POPInstallationForm.tsx(9,16): error TS6133: 'MapPin' is declared but its value is never read.
src/components/pop/POPInstallationForm.tsx(9,42): error TS6133: 'ImageIcon' is declared but its value is never read.
src/components/pop/POPInstallationForm.tsx(10,17): error TS6133: 'Input' is declared but its value is never read.
src/components/pop/POPInstallationForm.tsx(12,23): error TS6133: 'CATEGORY_OPTIONS' is declared but its value is never read.
src/components/pop/POPInstallationForm.tsx(14,15): error TS6196: 'POPItem' is declared but never used.
src/components/pop/POPInstallationForm.tsx(219,25): error TS2322: Type '{ label: string; helpText: string; previewUrl: string | undefined; onImageSelect: (file: File, previewUrl: string) => void; onImageRemove: () => void; required: true; error: string; size: string; }' is not assignable to type 'IntrinsicAttributes & ImageDropzoneProps'.
  Property 'helpText' does not exist on type 'IntrinsicAttributes & ImageDropzoneProps'. Did you mean 'helperText'?
src/components/pop/POPItemForm.tsx(8,10): error TS6133: 'X' is declared but its value is never read.
src/components/pop/POPItemForm.tsx(8,19): error TS6133: 'Package' is declared but its value is never read.
src/components/pop/POPItemForm.tsx(154,21): error TS2322: Type '{ label: string; helpText: string; previewUrl: string | undefined; onImageSelect: (file: File, previewUrl: string) => void; onImageRemove: () => void; size: string; }' is not assignable to type 'IntrinsicAttributes & ImageDropzoneProps'.
  Property 'helpText' does not exist on type 'IntrinsicAttributes & ImageDropzoneProps'. Did you mean 'helperText'?
src/components/pop/POPItemForm.tsx(235,21): error TS2322: Type '{ label: string; name: string; type: "number"; value: number; onChange: (e: ChangeEvent<HTMLInputElement>) => void; min: number; helpText: string; }' is not assignable to type 'IntrinsicAttributes & InputProps'.
  Property 'helpText' does not exist on type 'IntrinsicAttributes & InputProps'. Did you mean 'helperText'?
src/contexts/AuthContext.tsx(193,41): error TS2345: Argument of type 'Role' is not assignable to parameter of type '"admin_super" | "admin" | "manager" | "spv_ids" | "spv_d2c" | "salesforce" | "direct_sales"'.
  Type '"supervisor_ids"' is not assignable to type '"admin_super" | "admin" | "manager" | "spv_ids" | "spv_d2c" | "salesforce" | "direct_sales"'.
src/pages/PerformancePage.tsx(37,5): error TS6133: 'getParameterByCode' is declared but its value is never read.
src/pages/PerformancePage.tsx(272,15): error TS6133: 'totalTarget' is declared but its value is never read.
src/pages/PerformancePage.tsx(273,15): error TS6133: 'totalActual' is declared but its value is never read.
src/services/mock/performanceData.ts(153,9): error TS6133: 'variance' is declared but its value is never read.
